https://sudrf.cntd.ru/rospravo
https://sudrf.cntd.ru/rospravo/documents?text=%D1%81%D1%83%D0%B4&type=&accepted_by_id=&accepted_by=&accepted_date_start=&accepted_date_end=&number=
tcp://5.61.15.111:80
tcp://5.61.15.111:443
https://kodeks.ru/
https://kodeks.ru/search/%D1%81%D0%B8%D1%81%D1%82%D0%B5%D0%BC%D0%B
https://kodeks.ru/search/%D1%81%D0%B8%D1%81%D1%82%D0%B5%D0%BC%D0%B0?page=49
tcp://5.61.15.145:80
tcp://5.61.15.145:443
http://mosopen.ru/
http://mosopen.ru/streets/letter/2
tcp://78.108.95.218:80
tcp://78.108.95.218:443
https://xn--b1algahcegbed6a6gqb.xn--p1ai
tcp://89.253.237.19:80
tcp://89.253.237.19:443
https://rcz-dnr.ru/rezultatyi-poiska.html?search=%D1%83%D0%BA%D1%80%D0%B0%D0%B8%D0%BD%D0%B0&id=24
tcp://31.133.49.144:80
tcp://31.133.49.144:443
https://mailadm.glavadnr.ru/?_task=login
tcp://31.133.50.139:443
https://rcz-dnr.ru
tcp://31.133.49.144:25
https://mailadm.glavadnr.ru
tcp://31.133.50.139:25
https://roscongress.org/en/
https://roscongress.org/en/news/?date=all&mindate=&maxdate=&search=&search=rus
https://roscongress.org/en/search/?q=stop
https://roscongress.org/en/blog/
https://roscongress.org/en/blog/?search=rus&date=all&mindate=&maxdate=
https://roscongress.org/news/?date=all&mindate=&maxdate=&search=&search=%D1%80%D1%83
https://roscongress.org/events/
https://roscongress.org/events/?search=&search=%D1%80%D1%83
tcp://185.41.112.44:80
tcp://185.41.112.44:443
https://forumspb.com/en/
https://forumspb.com/en/news/
https://forumspb.com/en/partners/become-a-partner/
https://best-practices.roscongress.org/
https://forumhealth.ru/
https://forumhealth.ru/spief-2022/programme/
https://rusinvestforum.org/roscongress-club/roscongress-club/
https://rusinvestforum.org/personal-account-login/
https://rusinvestforum.org/poisk/?q=%D1%80%D1%83
tcp://78.155.198.18:80
tcp://78.155.198.18:443
https://ideas.roscongress.org/
https://ideas.roscongress.org/users/sign_in
https://ideas.roscongress.org/users/auth/leader_id
https://ideas.roscongress.org/sections
tcp://95.213.255.49:80
tcp://95.213.255.49:443
https://innosocium.org/
https://innosocium.org/search/?q=%D1%80%D1%83&how=r
tcp://87.236.16.244:80
tcp://87.236.16.244:443
https://forbusiness.roscongress.org/
tcp://80.78.254.170:80
tcp://80.78.254.170:443
https://www.investinregions.ru/
https://www.investinregions.ru/news/
https://www.investinregions.ru/search/?q=%D1%80%D1%83
tcp://46.229.212.75:80
tcp://46.229.212.75:443
https://russiacb.com/
https://russiacb.com/events/
https://russiacb.com/events/?start_date=2000-03-06&end_date=2022-06-01
https://online.russiacb.com/auth/
https://online.russiacb.com/auth/restore/
tcp://87.236.16.171:80
tcp://87.236.16.171:443
https://rc-art.roscongress.org/
https://www.roscongressclub.ru/
https://www.roscongressclub.ru/news/
tcp://212.41.3.163:80
tcp://212.41.3.163:443
https://status-priority.com/
tcp://185.215.4.12:80
tcp://185.215.4.12:443
https://roscongress-invest.com/
https://roscongress-invest.com/request/
https://roscongress-invest.com/services/
https://roscongress-invest.com/search/?q=%D1%80%D1%83
tcp://91.230.208.93:80
tcp://91.230.208.93:443
https://time4photo.ru/
https://time4photo.ru/signin
https://time4photo.ru/search/%D1%80%D1%83
https://time4photo.ru/search/%D0%B0
tcp://109.167.254.105:80
tcp://109.167.254.105:443
https://reg.roscongress.org/en/login
tcp://109.167.254.207:80
tcp://109.167.254.207:443
https://www.businesspriority.ru/
https://businesspriority.ru/accel
tcp://185.129.100.112:80
tcp://185.129.100.112:443
https://veb.ru/en/
https://veb.ru/en/investors/
https://veb.ru/en/press-center/
https://veb.ru/en/search/?q=ru
tcp://212.193.158.179:80
tcp://212.193.158.179:443
https://xn--90ab5f.xn--p1ai/
tcp://212.193.158.157:80
tcp://212.193.158.157:443
https://atr.gov.ru/
https://atr.gov.ru/news
https://corpmsp.ru/
https://corpmsp.ru/search/?q=%D0%B1%D0%B8%D0%B7%D0%BD%D0%B5%D1%81&PAGEN_1=33&SIZEN_1=15
tcp://130.193.34.26:80
tcp://130.193.34.26:443
https://pppcenter.ru/
https://pppcenter.ru/obuchenie/
https://pppcenter.ru/search/?tags=&how=r&q=%D1%86%D0%B5%D0%BD%D1%82%D1%80
tcp://109.248.46.141:80
tcp://109.248.46.141:443
https://www.exportcenter.ru/
tcp://82.202.190.105:80
tcp://82.202.190.105:443
https://xn--l1afq9a.xn--80aafaxhj3c.xn--p1ai/
tcp://185.215.4.57:80
tcp://185.215.4.57:443
https://xn--80aafaxhj3c.xn--p1ai/
https://xn--80aafaxhj3c.xn--p1ai/product/apply_to_veb?utm_campaign=finansirovnie&utm_medium=button&utm_source=webrf&form_code=apply_to_veb_form_v10&product_code=apply_to_veb
https://xn--80aafaxhj3c.xn--p1ai/wizard?category=small_business&need=working_capital_replenishment&sort=bank_rate%2CASC&tool=financing
https://xn--80aafaxhj3c.xn--p1ai/wizard?amount=1000000&category=small_business&need=working_capital_replenishment&sort=bank_rate%2CASC&tool=financing
https://xn--80aafaxhj3c.xn--p1ai/business_credits/refinansirovanie?amount=500000&sort=category%2CDESC
tcp://212.193.157.41:80
tcp://212.193.157.41:443
tcp://212.193.157.133:80
tcp://212.193.157.133:443
https://16ms0023.court-rt-equeue.tat.sudrf.ru/admin/auth
https://16rs0020.court-rt-equeue.tat.sudrf.ru/admin/auth
https://16ms0092.court-rt-equeue.tat.sudrf.ru/admin/auth
https://16rs0022.court-rt-equeue.tat.sudrf.ru/admin/auth
https://16ms0093.court-rt-equeue.tat.sudrf.ru/admin/auth
https://16ms0111.court-rt-equeue.tat.sudrf.ru/admin/auth
https://16ms0021.court-rt-equeue.tat.sudrf.ru/admin/auth
https://16rs0041.court-rt-equeue.tat.sudrf.ru/admin/auth
https://16ms0131.court-rt-equeue.tat.sudrf.ru/admin/auth
https://16ms0070.court-rt-equeue.tat.sudrf.ru/admin/auth
https://16ms0031.court-rt-equeue.tat.sudrf.ru/admin/auth
https://16ms0053.court-rt-equeue.tat.sudrf.ru/admin/auth
https://16ms0151.court-rt-equeue.tat.sudrf.ru/admin/auth
https://16ms0153.court-rt-equeue.tat.sudrf.ru/admin/auth
https://16ms0103.court-rt-equeue.tat.sudrf.ru/admin/auth
https://16ms0112.court-rt-equeue.tat.sudrf.ru/admin/auth
https://16rs0033.court-rt-equeue.tat.sudrf.ru/admin/auth
https://16ms0051.court-rt-equeue.tat.sudrf.ru/admin/auth
https://16ms0052.court-rt-equeue.tat.sudrf.ru/admin/auth
https://16ms0001.court-rt-equeue.tat.sudrf.ru/admin/auth
https://16ms0040.court-rt-equeue.tat.sudrf.ru/admin/auth
https://16ms0141.court-rt-equeue.tat.sudrf.ru/admin/auth
https://16ms0002.court-rt-equeue.tat.sudrf.ru/admin/auth
https://16rs0001.court-rt-equeue.tat.sudrf.ru/admin/auth
https://16rs0050.court-rt-equeue.tat.sudrf.ru/admin/auth
https://16ms0140.court-rt-equeue.tat.sudrf.ru/admin/auth
https://16rs0031.court-rt-equeue.tat.sudrf.ru/admin/auth
https://16ms0073.court-rt-equeue.tat.sudrf.ru/admin/auth
https://16ms0060.court-rt-equeue.tat.sudrf.ru/admin/auth
https://16ms0100.court-rt-equeue.tat.sudrf.ru/admin/auth
https://16ms0071.court-rt-equeue.tat.sudrf.ru/admin/auth
https://16rs0023.court-rt-equeue.tat.sudrf.ru/admin/auth
https://16ms0113.court-rt-equeue.tat.sudrf.ru/admin/auth
https://16rs0013.court-rt-equeue.tat.sudrf.ru/admin/auth
https://16ms0010.court-rt-equeue.tat.sudrf.ru/admin/auth
https://16rs0012.court-rt-equeue.tat.sudrf.ru/admin/auth
https://16ms0020.court-rt-equeue.tat.sudrf.ru/admin/auth
https://16ms0142.court-rt-equeue.tat.sudrf.ru/admin/auth
https://16ms0163.court-rt-equeue.tat.sudrf.ru/admin/auth
https://16rs0021.court-rt-equeue.tat.sudrf.ru/admin/auth
https://16rs0051.court-rt-equeue.tat.sudrf.ru/admin/auth
https://16ms0182.court-rt-equeue.tat.sudrf.ru/admin/auth
https://16ms0150.court-rt-equeue.tat.sudrf.ru/admin/auth
https://16rs0042.court-rt-equeue.tat.sudrf.ru/admin/auth
https://16ms0143.court-rt-equeue.tat.sudrf.ru/admin/auth
https://16ms0011.court-rt-equeue.tat.sudrf.ru/admin/auth
https://16ms0063.court-rt-equeue.tat.sudrf.ru/admin/auth
tcp://85.233.64.114:80
tcp://85.233.64.114:443
https://bsr.sudrf.ru/
tcp://84.42.111.136:80
tcp://84.42.111.136:443
https://online.fasie.ru/m/?ReturnUrl=%2F
tcp://212.33.20.22:80
tcp://212.33.20.22:443
https://vsrf.ru/
https://vsrf.ru/lk/practice/acts
https://vsrf.ru/lk/practice/acts?&numberExact=off&number=111&actDateExact=off
http://vsrf.ru/stor_pdf_ec.php?id=2127020
https://vsrf.ru/lk/practice/cases
https://vsrf.ru/lk/practice/cases?®isterDateExact=off&considerationDateExact=off&numberExact=off&number=222
https://vsrf.ru/lk/practice/appeals
https://vsrf.ru/lk/practice/appeals?®isterDateExact=off&considerationDateExact=off&numberExact=off&number=333
https://vsrf.ru/lk/practice/hearings
https://vsrf.ru/lk/practice/hearings?&numberExact=off&number=444&eventDateExact=true
https://vsrf.ru/lk/calculator/list
https://vsrf.ru/press_center/news
https://vsrf.ru/press_center/news/?keyword=%D0%B4%D0%B5%D0%BB%D0%BE&before=10
https://vsrf.ru/press_center/mass_media
https://vsrf.ru/press_center/mass_media/?keyword=%D0%B2%D1%81&before=24
https://vsrf.ru/documents/own
https://vsrf.ru/documents/own/?category=resolutions_plenum_supreme_court_russian&before=65
https://vsrf.ru/appeals/requests/activity
https://data.vsrf.ru/
http://data.vsrf.ru/cas/login?service=http%3A%2F%2Fdata.vsrf.ru%2Faccounts%2Flogin%3Fnext%3D%252F
https://data.vsrf.ru/signup/register/reactivate/
https://data.vsrf.ru/signup/password/reset/
https://forum.vsrf.ru/
https://forum.vsrf.ru/search/forum/topics/
https://forum.vsrf.ru/search/forum/posts/?q=%D0%A3%D0%BA%D1%80%D0%B0%D1%97%D0%BD%D0%B0+%D0%BF%D0%B5%D1%80%D0%B5%D0%BC%D0%BE%D0%B6%D0%B5%21
tcp://95.173.156.120:80
tcp://95.173.156.120:443
https://sudrf.ru/
https://sudrf.ru/index.php?id=300
https://techportal.sudrf.ru/
https://techportal.sudrf.ru/?id=421&text=%EF%EE%E8%F1%EA
http://os--brb.sudrf.ru/
http://psh.spb.sudrf.ru/
http://inzhavinsky.tmb.sudrf.ru/
http://tmb.sudrf.ru/
http://primorsky--spb.sudrf.ru/
http://pgvs.spb.sudrf.ru/
http://oblsud.tmb.sudrf.ru/
http://tgvs.tmb.sudrf.ru/
http://pichaevsky.tmb.sudrf.ru/
http://nvs.spb.sudrf.ru/
http://kln--spb.sudrf.ru/
http://usd.orb.sudrf.ru/
http://msk--spb.sudrf.ru/
http://nvs--spb.sudrf.ru/
http://iuriev-polsky.wld.sudrf.ru/
http://primorsko-axtarsky.krd.sudrf.ru/
http://ksl--spb.sudrf.ru/
http://sol-iletsky.orb.sudrf.ru/
http://orb.sudrf.ru/
http://cherepoveckygor.vld.sudrf.ru/
http://nikolsky.vld.sudrf.ru/
http://lnn--spb.sudrf.ru/
http://frn--spb.sudrf.ru/
http://oblsud.orb.sudrf.ru/
http://usd.wld.sudrf.ru/
http://primorsky.spb.sudrf.ru/
http://kizilskiy-g--tva.sudrf.ru/
http://vos--spb.sudrf.ru/
http://usd--tula.sudrf.ru/
http://os.brb.sudrf.ru/
http://ulug-hemskiy.tva.sudrf.ru/
http://orenburgsky.orb.sudrf.ru/
http://kraevoi.krd.sudrf.ru/
http://kirsanovsky.tmb.sudrf.ru/
http://krn--spb.sudrf.ru/
http://michurinskygs.tmb.sudrf.ru/
http://vs.tva.sudrf.ru/
http://ngvs.krd.sudrf.ru/
http://usd.tula.sudrf.ru/
http://korenovsk--krd.sudrf.ru/
http://ovjurskiy.tva.sudrf.ru/
http://kaa-hemskiy.tva.sudrf.ru/
http://aleksandrovsky.orb.sudrf.ru/
http://usd.krd.sudrf.ru/
http://psh--spb.sudrf.ru/
http://selivanovsky.wld.sudrf.ru/
http://krv--spb.sudrf.ru/
tcp://84.42.111.139:80
http://bsr1.sudrf.ru/
tcp://79.133.87.17:80
https://www.novatek.ru/en/
https://www.novatek.ru/ru/investors/
https://www.novatek.ru/ru/press/releases/?newsFilterFormMode_4=all
https://www.novatek.ru/ru/search/?q_4=%D1%80%D1%83
https://www.novatek.ru/en/search/index.php?source_id_4=1&sortby_4=&q_4=ru&search_page_4=1001&te_object_id_4=&items_per_page_4=10&date_from_4=&date_to_4=
tcp://31.31.199.181:80
tcp://31.31.199.181:443
https://progorod.veb.ru/
https://progorod.veb.ru/projects/
tcp://185.178.46.58:80
tcp://185.178.46.58:443
https://fasie.ru/
tcp://185.99.11.36:80
tcp://185.99.11.36:443
https://vebinfra.ru/
https://vebinfra.ru/news/?PAGEN_1=15
tcp://78.110.50.103:80
tcp://78.110.50.103:443
https://veb.ventures/ru
tcp://109.73.38.36:80
tcp://109.73.38.36:443
https://fiop.site/
https://fiop.site/press-tsentr/
https://fiop.site/press-tsentr/page40/
tcp://89.108.82.33:80
tcp://89.108.82.33:443
https://vebeng.ru/
https://vebeng.ru/projects/list/
https://vebeng.ru/search/?tags=&how=r&q=%D0%BF%D1%80%D0%BE%D0%B5%D0%BA%D1%82&PAGEN_1=10
tcp://5.23.50.191:80
tcp://5.23.50.191:443
https://lk.frprf.ru/
tcp://31.41.246.17:80
tcp://31.41.246.17:443
http://privetmir.ru
tcp://185.170.3.30:80
tcp://185.170.3.30:443
https://xn--h1apajh.xn--p1ai/
https://xn--h1apajh.xn--p1ai/msp/
https://xn--80aengj8j.xn--h1apajh.xn--p1ai/auth/
tcp://146.120.224.32:80
tcp://146.120.224.32:443
http://www.rosseti.ru/eng/
tcp://195.133.240.10:80
tcp://195.133.240.10:443
https://frprf.ru/
tcp://31.41.246.25:80
tcp://31.41.246.25:443
https://rsuj.ru/
tcp://77.222.57.148:80
tcp://77.222.57.148:443
https://priem.rsuj.ru/
https://fpk.rsuj.ru/login/index.php
https://fpk.rsuj.ru/login/forgot_password.php
tcp://185.141.124.234:80
tcp://185.141.124.234:443
http://www.ksrf.ru/
http://vestnik.ksrf.ru/
http://scpublish.ksrf.ru/
http://decision.ksrf.ru/
https://petition.ksrf.ru/
tcp://95.173.151.218:80
tcp://95.173.151.218:443
http://arbitr.ru/
tcp://79.133.87.42:80
https://pravdnr.ru/
tcp://31.133.58.15:443
https://fasvvo.arbitr.ru/
https://fasvso.arbitr.ru/
https://fasdvo.arbitr.ru/
https://faszso.arbitr.ru/
https://fasmo.arbitr.ru/
https://faspo.arbitr.ru/
https://fassko.arbitr.ru/
https://fasuo.arbitr.ru/
https://fasco.arbitr.ru/
https://3aas.arbitr.ru/
https://4aas.arbitr.ru/
https://5aas.arbitr.ru/
https://6aas.arbitr.ru/
https://7aas.arbitr.ru/
https://8aas.arbitr.ru/
https://9aas.arbitr.ru/
https://10aas.arbitr.ru/
https://11aas.arbitr.ru/
https://12aas.arbitr.ru/
https://13aas.arbitr.ru/
https://14aas.arbitr.ru/
https://15aas.arbitr.ru/
https://16aas.arbitr.ru/
https://17aas.arbitr.ru/
https://18aas.arbitr.ru
https://19aas.arbitr.ru/
https://20aas.arbitr.ru/
https://21aas.arbitr.ru/
https://altai-krai.arbitr.ru/
https://amuras.arbitr.ru/
https://arhangelsk.arbitr.ru/
https://astrahan.arbitr.ru/
https://belgorod.arbitr.ru/
https://bryansk.arbitr.ru/
https://vladimir.arbitr.ru/
https://volgograd.arbitr.ru/
https://vologda.arbitr.ru/
https://voronej.arbitr.ru/
https://msk.arbitr.ru/
https://spb.arbitr.ru/
https://sevastopol.arbitr.ru/
https://eao.arbitr.ru/
https://chita.arbitr.ru/
https://ivanovo.arbitr.ru/
https://askb.arbitr.ru/
https://kaliningrad.arbitr.ru/
https://kaluga.arbitr.ru/
https://kamchatka.arbitr.ru/
https://askchr.arbitr.ru/
https://kemerovo.arbitr.ru/
https://kirov.arbitr.ru/
https://kostroma.arbitr.ru/
https://krasnodar.arbitr.ru/
https://krasnoyarsk.arbitr.ru/
https://kurgan.arbitr.ru/
https://kursk.arbitr.ru/
https://lipetsk.arbitr.ru/
https://magadan.arbitr.ru/
https://asmo.arbitr.ru/
https://murmansk.arbitr.ru/
https://nnov.arbitr.ru/
https://novgorod.arbitr.ru/
https://novosib.arbitr.ru/
https://omsk.arbitr.ru/
https://orenburg.arbitr.ru/
https://orel.arbitr.ru/
https://penza.arbitr.ru/
https://perm.arbitr.ru/
https://primkray.arbitr.ru/
https://pskov.arbitr.ru/
https://www.perm.arbitr.ru/
https://adyg.arbitr.ru/
https://altai.arbitr.ru/
https://ufa.arbitr.ru/
https://buryatia.arbitr.ru/
https://mahachkala.arbitr.ru/
https://ingushetia.arbitr.ru/
https://kalmyk.arbitr.ru/
https://karelia.arbitr.ru/
https://komi.arbitr.ru/
https://crimea.arbitr.ru/
https://mari-el.arbitr.ru/
https://asrm.arbitr.ru/
https://yakutsk.arbitr.ru/
https://alania.arbitr.ru/
https://tatarstan.arbitr.ru/
https://tyva.arbitr.ru/
https://khakasia.arbitr.ru/
https://rostov.arbitr.ru/
https://ryazan.arbitr.ru/
https://samara.arbitr.ru/
https://saratov.arbitr.ru/
https://sakhalin.arbitr.ru/
https://ekaterinburg.arbitr.ru/
https://smolensk.arbitr.ru/
https://stavropol.arbitr.ru/
https://tambov.arbitr.ru/
https://tver.arbitr.ru/
https://tomsk.arbitr.ru/
https://tula.arbitr.ru/
https://tumen.arbitr.ru/
https://udmurtiya.arbitr.ru/
https://ulyanovsk.arbitr.ru/
https://khabarovsk.arbitr.ru/
https://hmao.arbitr.ru/
https://chel.arbitr.ru/
https://chechnya.arbitr.ru/
https://chuvashia.arbitr.ru/
https://chukotka.arbitr.ru/
https://yamal.arbitr.ru/
https://yaroslavl.arbitr.ru/
https://ipc.arbitr.ru/
tcp://212.164.138.171:80
tcp://212.164.138.171:443
tcp://212.164.138.173:80
tcp://212.164.138.173:443
tcp://212.164.138.175:80
tcp://212.164.138.175:443
http://medias.ksrf.ru/
tcp://95.161.49.4:80
https://supcourt-dpr.su/
tcp://185.178.208.146:80
tcp://185.178.208.146:443
https://dnrsovet.su/
tcp://185.104.248.60:80
tcp://185.104.248.60:443
https://irkutsk.arbitr.ru/
https://irkutsk.arbitr.ru/?s=%D0%B0%D0%BA%D1%82
tcp://95.213.207.77:21
tcp://95.213.207.77:22
tcp://95.213.207.77:25
tcp://95.213.207.77:53
tcp://95.213.207.77:80
tcp://95.213.207.77:110
tcp://95.213.207.77:443
http://ksmail.ksrf.ru/
tcp://95.173.151.217:80
http://media.ksrf.ru/
tcp://95.173.151.216:80
http://media3.ksrf.ru/
tcp://95.173.147.218:80
http://media2.ksrf.ru/
tcp://95.173.147.221:80
https://govdnr.ru/
tcp://93.157.9.182:80
tcp://93.157.9.182:443
https://1aas.arbitr.ru/
https://1aas.arbitr.ru/search/?action=index&search_query=%D0%B0%D0%BA%D1%82%D1%8B&curPos=140
tcp://31.31.198.208:21
tcp://31.31.198.208:22
tcp://31.31.198.208:25
tcp://31.31.198.208:53
tcp://31.31.198.208:80
tcp://31.31.198.208:110
tcp://31.31.198.208:443
tcp://31.31.198.208:3306
http://www.vkks.ru/
http://www.cdep.ru/
http://vekrf.ru/
http://ssrf.ru/
tcp://84.42.111.137:80
tcp://84.42.111.137:443
http://fasszo.arbitr.ru/
http://fasszo.arbitr.ru/cases/ctimetable?tid=0&filter=true&college=&datefrom=16.01.1900&dateto=16.01.2023
http://fasszo.arbitr.ru/cases/ccaselist?searchtype=dealinfo&prefix=%D0%9056&numdeal=&yeardeal=&fld_12=%D1%88%D0%B5%D0%B2%D1%87%D0%B5%D0%BD%D0%BA%D0%BE&fld_14=
tcp://5.61.15.75:21
tcp://5.61.15.75:25
tcp://5.61.15.75:80
tcp://5.61.15.75:3306
https://2aas.arbitr.ru/
https://2aas.arbitr.ru/search/node/%D0%B7%D0%B0%D0%BF%D1%80%D0%BE%D1%81?page=3
https://2aas.arbitr.ru/node?page=362
https://2aas.arbitr.ru/images/instr-deloproizvodstvo-2021.pdf
tcp://92.39.69.234:80
tcp://92.39.69.234:443
https://mer.govdnr.ru/
tcp://93.157.9.180:80
tcp://93.157.9.180:443
tcp://185.114.138.220:80
tcp://185.114.138.220:443
https://xn--h1aheeehel.xn--p1acf/
tcp://185.9.147.200:80
tcp://185.9.147.200:443
https://mgb-dnr.ru/
http://mincult.govdnr.ru/
http://mondnr.ru/
http://donmintrans.ru/
http://giapkdnr.msdnr.ru/
tcp://178.35.228.47:80
tcp://178.35.228.47:443
http://mid-dnr.su/
tcp://93.157.9.254:443
tcp://212.66.32.66:443
http://agroprom.minsvyazdnr.ru/
https://mvddnr.ru/
http://mdsdnr.ru/
https://mpt-dnr.ru/
https://minstroy-dnr.ru/
http://goskomzemdnr.ru/
https://postdonbass.com/
http://mcxdnr.ru/
https://xn--b1akbpgy3fwa.xn--p1acf/
https://torez24.ru/
https://doc.minsvyazdnr.ru/
tcp://31.133.58.100:80
tcp://31.133.58.100:443
https://mtspdnr.ru/
tcp://92.255.106.176:80
tcp://92.255.106.176:443
http://mzdnr.ru/
tcp://31.133.58.6:80
tcp://31.133.58.6:443
https://rgup.ru/
https://rgup.ru/search
tcp://31.31.198.114:80
tcp://31.31.198.114:443
https://minfindnr.ru/
tcp://185.114.136.149:80
tcp://185.114.136.149:443
https://minjust-dnr.ru/
tcp://78.24.216.216:80
https://mininfodnr.ru/
tcp://193.233.15.62:80
tcp://193.233.15.62:443
https://crb-dnr.ru/
tcp://176.96.187.226:80
tcp://31.133.58.198:80
tcp://31.133.58.198:443
http://gosstat-dnr.ru/
tcp://185.114.137.26:80
https://rcz-dnr.ru/
https://denis-pushilin.ru/
tcp://185.178.208.185:80
tcp://185.178.208.185:443
http://phoenix-dnr.ru/
tcp://185.114.136.60:80
tcp://185.114.136.60:443
http://rst-dnr.ru/
tcp://92.63.193.103:80
tcp://92.63.193.103:443
https://rprec.ru/
tcp://31.133.49.189:80
tcp://31.133.49.189:443
https://donmarkets.ru/
tcp://185.28.108.74:80
tcp://185.28.108.74:443
http://www.vodadonbassa.ru/
tcp://5.153.174.68:443
tcp://109.254.13.162:80
http://rams.dnronline.su/
http://www.mid-dnr.su/
https://ombudsman-dnr.ru/
tcp://87.236.16.243:80
tcp://87.236.16.243:443
https://amvrosievka-gorsovet.umi.ru/
tcp://88.212.251.4:80
tcp://88.212.251.4:443
http://fgi.dnronline.su/
https://dnrailway.ru/
tcp://188.120.242.133:80
tcp://188.120.242.133:443
http://dnmchs.ru/
tcp://31.133.49.105:80
tcp://31.133.49.105:443
tcp://185.229.235.197:80
tcp://185.229.235.197:443
http://doncsm.ru/
tcp://31.31.196.208:80
tcp://31.31.196.208:443
http://oddr.info/
tcp://185.178.208.137:80
tcp://185.178.208.137:443
http://gsdsd-dnr.ru/
tcp://92.53.96.124:80
tcp://92.53.96.124:443
https://izpp.govdnr.ru/
tcp://185.114.138.221:80
tcp://185.114.138.221:443
http://glavstat.govdnr.ru/
http://ritualdnr.ru/
tcp://185.114.138.242:80
http://gkgtn.ru/
tcp://185.114.246.9:80
tcp://185.114.246.9:443
http://mintek-dnr.ru/
tcp://172.67.203.253:80
tcp://172.67.203.253:443
tcp://104.21.77.31:80
tcp://104.21.77.31:443
http://dokuchaevskga.ucoz.org/
tcp://193.109.247.20:80
tcp://193.109.247.20:443
http://gorod-donetsk.com/
tcp://77.222.62.134:80
tcp://77.222.62.134:443
https://www.enakievo.org/
tcp://217.112.35.72:80
tcp://217.112.35.72:443
http://www.shahtersk.org/
http://ggudoad-dnr.ugletele.com/
https://kirovskoe.ugletele.com/
http://khartsyzsk.ugletele.com/
tcp://31.133.58.102:80
tcp://31.133.58.102:443
https://gisnpa-dnr.ru/
tcp://149.154.66.122:80
tcp://149.154.66.122:443
http://starobeshevo.usite.pro/
http://novoaz-adm.3dn.ru/
http://republic-tv.ru/
tcp://212.66.37.43:80
tcp://212.66.37.43:443
http://fpdnr.ru/
tcp://188.127.239.149:80
tcp://188.127.239.149:443
http://econri.org/
tcp://92.53.96.249:80
tcp://92.53.96.249:443
https://dnr-live.ru/
tcp://91.224.22.215:80
tcp://91.224.22.215:443
https://tk-union.tv/
tcp://185.28.108.188:80
tcp://185.28.108.188:443
http://fsdnr.com/
tcp://37.140.192.112:80
tcp://37.140.192.112:443
https://gorlovka-tv.ru/
tcp://31.31.196.82:80
tcp://31.31.196.82:443
http://debalcevo-dnr.ru/
tcp://31.28.24.115:80
https://admin-gorlovka.ru/
tcp://193.238.75.217:80
tcp://193.238.75.217:443
https://stream.live.dfw.ru/player/video-js-7.7.6/video.min.js
tcp://95.167.19.115:80
tcp://95.167.19.115:443
tcp://95.167.19.116:80
tcp://95.167.19.116:443
tcp://95.167.19.117:80
tcp://95.167.19.117:443
tcp://95.167.19.119:80
tcp://95.167.19.119:443
tcp://95.167.19.122:80
tcp://95.167.19.122:443
