http://phoenix-dnr.ru/
tcp://185.114.136.60:80
tcp://185.114.136.60:443
https://ranepa-proxy-01.ranepa.ru
tcp://83.143.65.195:443
https://lk-webproxy-01.ranepa.ru
tcp://83.143.65.191:443
https://lk-webproxy-02.ranepa.ru
tcp://83.143.65.192:443
https://ranepa-proxy-02.ranepa.ru
tcp://83.143.65.196:443
https://dronecentre.ru/
tcp://92.53.96.119:443
http://rocket-market.ru/
tcp://62.109.22.132:80
https://brlab.ru/
tcp://92.53.96.4:443
https://terradrones.ru/
tcp://178.170.244.102:443
https://artdrone.ru/
tcp://90.156.201.39:443
tcp://90.156.201.52:443
tcp://90.156.201.105:443
tcp://90.156.201.108:443
http://quadrocopter.su/
tcp://185.84.110.84:80
tcp://185.84.110.85:80
https://eco-motion.ru/
tcp://185.87.196.51:443
https://skymec.ru/
http://djimsk.ru/
http://digbox.ru/
tcp://51.250.52.12:80
tcp://51.250.52.12:443
https://turbopult.ru/
tcp://62.182.157.232:443
https://esegway.ru/
tcp://31.31.198.215:443
https://xn--c1adyelhlm.xn--p1ai/
tcp://185.114.245.193:443
http://www.nwht.ru/
tcp://92.63.111.127:80
https://ant-shop.ru/
tcp://92.53.96.148:443
https://4drone.ru/
tcp://87.236.16.235:443
https://uav-siberia.com/
tcp://31.31.196.23:443
http://www.case-store.ru/
tcp://178.218.221.253:80
https://sozvezdie.su
tcp://95.167.120.115:443
http://www.oaovoentorg.ru/
tcp://31.31.203.65:80
http://armchi.ru/
tcp://31.31.196.220:80
http://kapterka.com/
tcp://195.208.0.143:80
http://voen36.ru/
tcp://82.146.33.226:80
http://www.voentorga.ru/
tcp://89.108.103.182:80
http://www.ak47-shop.ru/
tcp://5.23.50.61:80
https://ataman-23.ru/
tcp://81.177.6.232:80
tcp://81.177.6.232:443
http://www.voentorg5.ru/
tcp://31.31.198.179:80
http://voentorg-sklad.ru/
tcp://178.170.244.247:80
https://www.placetorg.ru/
tcp://188.225.40.162:80
tcp://188.225.40.162:443
http://www.militarist.ru/
tcp://31.31.198.181:80
http://www.grenada-tc.ru/
tcp://31.31.198.211:80
https://www.diversantkenig.ru/
tcp://78.37.84.51:80
tcp://78.37.84.51:443
http://voentorg.fo.ru/
tcp://91.227.52.108:80
http://www.kapterka.com/
https://kamuflage.ru/
tcp://95.213.187.66:80
tcp://95.213.187.66:443
http://voenka24.ru/
tcp://37.140.192.175:80
http://xn--80aaebntaodyajhmq7r7a.xn--p1ai/
tcp://31.31.196.234:80
https://www.blok-post.ru/
tcp://188.120.239.21:80
tcp://188.120.239.21:443
http://www.garnizon40.ru/
tcp://5.23.50.132:80
http://www.garsing.ru/
tcp://31.31.196.218:80
http://fdtactical.ru/
tcp://188.225.34.156:80
http://skhron.ru/
tcp://31.31.196.155:80
https://armrus.ru/
tcp://185.253.34.99:443
https://mundirmvd.ru/
tcp://92.53.123.166:443
https://profarmy.store/
tcp://95.163.119.212:443
https://www.tilovik.ru/
tcp://185.253.32.132:443
https://poligon59.com/
tcp://31.31.198.124:443
http://voensnab.msk.ru/
tcp://195.24.68.16:80
https://er.ru
https://er.ru/media/documents/August2021/L4Sk4t74UXKF1MG1oFjh.pdf
https://er.ru/search?q=1
https://er.ru/search-titles?dataType=json&q=hjggfcfgg
https://er.ru/search?q=1&page=-1
https://er.ru/search?q=1&page=99
https://er.ru/multimedia?page=1&j=h
https://er.ru/multimedia/video?page=266
https://er.ru/activity/comments?date_start=1900-07-01&date_end=2022-07-28&moskva=1
https://er.ru/activity/news?type=regional&date_start=2011-07-01&date_end=2022-07-22&piter=1
https://er.ru/feed/top_news/?sec=1
tcp://178.248.232.136:443
https://edinros.ru
tcp://193.104.59.221:80
tcp://193.104.59.221:443
https://www.army-magazin.ru/phpshop/ajax/cartload.php
tcp://87.236.16.241:443
https://barrakuda.biz/searchvm
tcp://45.130.41.30:443
https://radiocopter.ru/wp-admin/admin-ajax.php
tcp://45.130.41.34:443
https://rc-today.ru/phpshop/ajax/add_to_cart.php
tcp://87.236.19.92:443
https://rcz-dnr.ru/postoyannaya-rabota.html
https://rcz-dnr.ru
tcp://31.133.49.144:80
tcp://31.133.49.144:443
http://gosstat-dnr.ru
tcp://185.114.137.26:80
https://78.ru/tv
tcp://95.181.181.207:443
https://rugrad.eu/
tcp://213.226.127.108:443
http://www.myudm.ru/online-efir-udmurtia
tcp://78.85.14.157:80
https://novkos.ru/
tcp://31.31.198.45:443
https://www.gtrk-vyatka.ru/live/vyatka24/
tcp://178.141.249.250:443
https://tomsk-time.ru/programs/itogi-nedeli/11006-itogo.html
tcp://176.120.29.54:443
https://vkurske.com/
tcp://89.208.146.56:443
https://topspb.tv/live/
tcp://84.252.129.113:443
https://xn--35-dlcmp7ch.xn--p1ai/
https://belgorodtv.ru/
tcp://91.77.163.36:443
tcp://95.84.140.46:443
https://bst.bratsk.ru/
tcp://91.189.160.11:443
https://baikalskieogni.ru/
https://xn----ctbbblrdlg0afgb8aiq0n.xn--p1ai/
tcp://37.18.21.184:443
https://www.cheltv.ru/rossiya-24-yuzhnyj-ural-onlajn-translyaciya/
tcp://91.226.83.211:443
https://www.gazeta-navlya.ru/
tcp://37.140.192.245:443
https://www.province-pskov.ru/
tcp://195.24.68.27:443
https://progorod33.ru/
tcp://5.188.131.51:443
https://vestiprim.ru/onair.html
tcp://94.228.116.159:443
https://stv-online.ru/
tcp://95.181.181.108:443
https://obl1.ru/online
tcp://89.108.84.126:443
https://echosevera.ru/
tcp://178.208.71.31:443
https://i38.ru/
tcp://185.253.34.94:443
https://xn--80aaajllyo6c2h.xn--p1ai/
tcp://82.202.170.155:443
https://www.gtrkpskov.ru/
tcp://91.206.127.67:443
https://gtrk-kurgan.ru/
tcp://62.165.54.140:443
https://trkmillet.ru/
tcp://212.110.158.70:443
https://yk24.ru/live/
tcp://151.236.80.39:443
https://www.nnng.ru/
tcp://77.222.56.37:443
https://tomiks33.ru/
tcp://178.210.74.2:443
https://www.pryamayarech.ru/
tcp://91.189.114.8:443
https://rgvktv.ru/
tcp://190.115.28.42:443
https://xn----7sbhfgccreo6a7begpd.xn--p1ai/
tcp://91.204.73.15:443
https://vektor-tv.ru/tv/
tcp://91.242.171.212:443
https://cherkessk09.ru/
tcp://92.255.104.174:443
https://prufy.ru/
tcp://85.119.149.231:443
https://31tv.ru/programs/prjamye-transljacii/
tcp://193.150.102.29:443
https://news.zarpressa.ru/
tcp://217.107.34.101:443
https://omskinform.ru/
tcp://90.156.243.24:443
https://www.desnyanka.ru/
tcp://188.127.241.86:443
https://lugansk24.gtrklnr.ru
tcp://193.228.161.83:80
tcp://193.228.161.83:443
https://lawyer.gtrklnr.ru
tcp://193.228.161.111:80
tcp://193.228.161.111:443
https://www.kaznalnr.ru
https://www.kaznalnr.ru/Purchases?field_full_name_value=авто
tcp://185.26.122.30:80
tcp://185.26.122.30:443
https://ecp.epc-lnr.ru
https://ecp.epc-lnr.ru/request
tcp://193.228.162.153:80
tcp://193.228.162.153:443
https://epc-lnr.ru/1c.html
tcp://193.228.162.15:80
tcp://193.228.162.15:443
https://www.tema.ru/
tcp://62.213.108.182:443
https://login.artlebedev.ru/
https://top.artlebedev.ru/
https://blogs.design.ru/
https://top.design.ru/
tcp://195.218.200.13:443
https://www.artlebedev.com/
tcp://195.218.200.12:443
https://clients.artlebedev.ru/
tcp://195.218.200.23:443
https://razmerus.artlebedev.ru/
https://cv1vb2.design.ru/
tcp://62.213.108.188:443
https://zhurnalus.artlebedev.ru/
tcp://195.218.200.226:443
https://typograf.artlebedev.ru/
https://color.artlebedev.ru/
https://imprimatur.artlebedev.ru/
https://imprimatur.artlebedev.com/
https://blender.design.ru/
https://mockups.design.ru/
tcp://195.218.200.17:443
https://store.artlebedev.com/
tcp://195.218.200.15:443
https://ironov.artlebedev.ru/
https://ironov.artlebedev.com/
tcp://195.218.200.168:443
https://vkusomer.artlebedev.ru/
tcp://62.213.108.186:443
https://shop.artlebedev.ru/
https://kaleidoskopus.artlebedev.ru/
tcp://195.218.200.18:443
https://img.artlebedev.com/
tcp://62.213.108.181:443
https://store.artlebedev.ru/
tcp://195.218.200.14:443
https://www.artlebedev.ru/
https://web.artlebedev.ru/
tcp://195.218.200.21:443
https://web.tema.ru/
https://periodic.artlebedev.ru/
https://bibliotekus.artlebedev.ru/
tcp://62.213.108.183:443
https://ombudsman-lnr.ru
