https://moskva.beeline.ru/customers/products/
https://msk.rt.ru/b2b
https://rt-internet.ru/#/p/zayavka
https://www.onlime.ru/bonus/rules/
https://b2c.passport.rt.ru/auth/realms/b2c/protocol/openid-connect/auth?client_id=account_b2c&redirect_uri=https://b2c.passport.rt.ru/account_b2c/login&response_type=code&scope=openid&state=a92c84ce-b5be-4a4b-9e30-89d19b8b4b10
https://my.rt.ru/
https://moskva.mts.ru/personal/dom/home-allmts/moskva
https://mgts.ru/home/internet/
https://www.starlink.ru/payment/
https://moskva.justconnect.ru/tarifs/
https://isp-vrn.ru/moscow/tariffs
http://qwerty.ru/internet-tv/
https://moscow.megafon.ru/pay/online_payment_credit_card/
https://lk.megafon.ru/api/login/
https://plus.megafon.ru/
https://kiozk.ru/audio/biznes
https://books.megafon.ru/day/login
https://ru.gogames.co/#Arcade
http://login.gogames.co/msisdn
https://zkz.megafon.ru/number/
https://www.wifire.ru/nadolgo
https://lk.qwerty.ru/owa/rac.k/!w3_p_main.showform?CONFIG=CONTRACT
https://moscow.shop.megafon.ru/mobile/156000?int_campaign=324&int_b=3288
https://my.wifire.ru/
https://money.megafon.ru/
https://www.megafon.ru/go/mf_main
https://www.akado.ru/services/dtv-internet/
https://www.akado.ru/sub/payment/sbr/
https://megafon.tv/shows/Domashnee_pole_2022
https://life.megafon.ru/digital-marketplace/#listen
https://video-cam.akado.ru/login.html
https://www.netbynet.ru/about
https://inetgu.ru/tarifs.html
https://wifire-netbynet.ru/Domashniy_Internet_i_TV_tarify
https://b2b.netbynet.ru/internet
https://b2b.netbynet.ru/pay
https://wifire.tv/
https://stat.starlink.ru/
https://moskva.justconnect.ru/tarifs/starlink/#/tpl=provider_tarifs&provider=258&price=1200&speed=10&sort=rating
https://office.akado.ru/user/login.xml?requestID=CF0C8482-D9BB-EB27-E717-1D48C0762CBE
https://mtsru.ru/#/p/zayavka
https://moscow.mt-home.ru/#/p/zayavka
https://www.akado-telecom.ru/zakaz/
https://boffice.akado.ru/user/login.xml?noCook&requestID=17366707-3D12-7A93-D135-36520522A054
https://master.akado-telecom.ru/
https://x.inetcom.ru/
https://www.inetcom.ru/subscribers
https://inetcom.ru/connection
https://domodar.ru/posts/internet-onlime/
https://movix.ru/television
https://movix.ru/television#authorization-welcome
https://internet-tv-dom.ru/irkutsk
https://almatel.ru/internet/
https://almatel.ru/lk/login.php
https://almatel.ru/payment/
https://xn--d1aqf.ru.com/irkutsk/
https://cabinet.almatel.ru/login/
https://2kom.ru/for_subscribers/payment/
https://msk.dom.ru/payments
https://msk.dom.ru/user/login?referrer=/payments&forceRedirect=true
https://inetcom.tv/
https://msk-online.ru/#/p/zayavka
https://moscow.msk-online.ru/
https://stat.inetcom.ru/cabinet/index.php
http://help.inetcom.ru/
https://moscow-mgts.ru/MGTS_Internet_tarify_Moskva
https://www.maryno.net/internet/
http://winetwork.ru/wifi/
http://www.ucanet.ru/index.php?option=com_connect&Itemid=64
https://support.tushino.com/?37
https://lk.utek-rs.ru/sign-in
https://lk.maryno.net/login/
https://utek-rs.ru/index.php?option=com_content&view=section&layout=blog&id=8&Itemid=42
https://www.qtech.ru/company/importozameshchenie/
https://irkutsk.ttk.ru/home-inet/
http://www.lubi.su/internet/connect/
https://www.spr.ru/himki/lyubi.html
https://lk.ttk.ru/po/login.jsf
http://www.teplak.ru/frm/login.php
https://b2b.ttk.ru/
https://b2b.ttk.ru/operators/
https://inetme.ru/msk/otzivi-o-provayderah/yusiey-netvorks/
https://mylink.tel/
https://internet-providers.ru/actions
https://online-kabinety.ru/provaydery/tushino-telekom
https://stat.ucanet.ru/
https://www.utek-rs.ru/index.php?option=com_content&view=category&layout=blog&id=125&Itemid=65
https://rinet.ru/
https://services.rinet.ru/wi-fi/
https://secure.rinet.ru/
https://secure.rinet.ru/pay/bcard_o/start
https://yaseo.ru/biznes-telekom-ostavit-zayavku.html
https://about.rinet.ru/contact/
https://action.rinet.ru/videonablyudenie_dlya_doma_i_k/
https://corp.rinet.ru/services/
https://payment.rinet.ru/card_online/
https://faq.rinet.ru/tariff/
https://internet.rinet.ru/#order-form
https://risp.ru/hosting/
https://interactive-24.ru/rinet#feedback
http://telincom.ru/personal/
http://telincom.ru/payment/
http://www.telenc.ru/price.html
https://www.tushino.com/menu/podkl.html
https://cabinet.tushino.com/login
https://webmail.tushino.com/
https://corp.mylink.tel/
https://utech.ru/
http://english.ttk.ru/
https://domru.spb.ru/tariffs/mega-m/
https://www.tel.ru/news/2022/03/18/item192.html
https://partner.tel.ru/
https://oper.tel.ru/
https://home.tel.ru/
https://corp.tel.ru/
https://uhome.tel.ru/auth/login
https://nti2035.ru/markets/neuronet
https://lk.int-tel.net/itellogin.jsp
https://iflat.ru/
http://lk.iflat.ru/login
https://iflat.io/
https://iflat.io/login
https://cabinet-gid.ru/iflat-lichnyj-kabinet/
https://www.ttk-com.ru/connect/
https://xn----dtbfw3ba.xn--p1ai/ttk-zayava/
https://dtel.ru/dlya-kvartiry/internet-3-2/
https://int-tel.net/
http://xn--80agodgmnf3l.xn--p1ai/%D0%B2-%D0%B4%D0%BE%D0%BC/
http://www.nline.ru/#open-modal
http://nline.ru/#
http://www.smile-net.ru/internet/tariffs/moscow
https://billing.nline.ru/index.cgi
https://lk.virginconnect.ru/login
http://support.smile-net.ru/internet_help/faq/?SECTION_ID=41
https://ihome.ru/language/ru/%d0%a1%d0%b5%d1%82%d1%8c/
https://nsk.sibset.ru/payment/
https://nsk.sibset.ru/login/
https://www.apmt.ru/payment/bank
http://forum.apmt.ru/
https://lk.asvt.ru/billing/!w3_p_main.showform?CONFIG=CONTRACT
https://billing.mosinter.net/cp/login
http://stat.vip-tel.net/
https://viptelecom.spb.ru/activity
https://mosinter.net/fizicheskim-licam/internet-tv/
http://gpinternet.ru/ip-telefoniya/tarify/
http://vip-tel.net/payment.html
http://www.agtel.net/
http://newstat.gpinternet.ru/cp/login?uri=
http://www.vatnet.ru/index.php/clientam/dlya-chastnyh-lits/chastnye-litsa-mnogokvartirnye-doma/inet-v-mnogokvartirnyh-domah
https://vatnet.ru/pc-link/webexecuter
https://yarvolna.net/%D1%81%D0%BF%D0%BE%D1%81%D0%BE%D0%B1%D1%8B-%D0%BE%D0%BF%D0%BB%D0%B0%D1%82%D1%8B/
https://asvt.ru/index.php/sber-pay/
https://volnamobile.ru/services/internet/
https://volnamobile.ru/pay/
https://lk.volnamobile.ru/login?redirect=%2F
https://corp.volnamobile.ru/internet/
http://www.apm-telecom.ru/
http://stat.apmt.ru/
https://www.rncb.ru/c/?back=L3ZvbG5hX3JuY2Iv
https://ertelecom.ru/ru/directions/for-individuals
http://www.mega-internet.ru/action.php
http://www.vts24.ru/
https://westcall.spb.ru/for_office/account-to-net/wideband-account/
https://account.garstelecom.ru/
https://ekt.rt.ru/-volyny-/homeinternet/internet_tv
https://www.bistv.ru/
https://www.seven-sky.net/for_abonents/InternetTV/Moskva_i_MO
https://lk.seven-sky.net/
https://lk.seven-sky.net/login.jsp
https://b.butovonet.ru/webroom/
https://lk.asteis.net/
http://butovonet.ru/index.php/internet-2/
http://butovonet.ru/index.php/pay/
http://www.asteis.net/order/
https://altegrosky.ru/services/sputnikovyi-internet/
https://lk.westcall.ru/login
https://westcall.ru/wi-fi/
https://westcall.ru/internet-for-business/dlya-yuridicheskih-lits/
https://xn--90a6an.xn--80aaac0ct.xn--p1ai/readers/afisha.html
https://bisv.ru/internet/#business
https://moscow-2kom.ru/novosti/abonentam-birulevo-net
https://platforms.su/login
http://alfasatcom.ru/index.php/serv-projecting/
https://bm-app.bisv.ru/cgi-bin/clients/login
https://stat.dtel.ru/
http://billing.mega.nn.ru/
https://user.smile-net.ru/newpa/?handler=Login&to=
https://pay.virginconnect.ru/
https://lk.lantek.ru/cardpayment.php
https://mail.velnet.ru/hpronto/
http://www.butovo.com/news/
https://bagra.ru/?city=russia&rubric=restorany-i-kafe
https://mosnet.ru/customers/payments/
https://payment.mts.ru/pay/13590
https://payment.mts.ru/Auth/SignIn/?_ga=2.19702200.1040451731.1653858279-1789820105.1653858279
https://sso.mtsbank.ru/login/mtsmoney/auth/
https://www.tcenter.ru/online_request/
https://orionnet.ru/irk/catalog/fizicheskim-litsam/internet
https://cabinet.is-telecom.ru/
https://cirex.ru/channels
https://k-telecom.org/payment/
https://k-telecom.org/feedback/
https://is-telecom.ru/
https://xn--q1ab.xn--p1ai/request/
https://baikal-telecom.ru/connect/
https://baikal-telecom.ru/price/payment-methods/
https://avanta-telecom.ru/pay/
https://lk.38hr.ru/my/index.xhtml
http://999009.ru/
https://www.m9com.ru/podklyuchenie-uslug-m9.html
https://www.m9com.ru/oplata/
https://lc.avanta-telecom.ru/login
https://ckassa.ru/payment/
http://stat.max-tel.ru/
https://www.lantek.ru/connect
https://www.lantek.ru/payments
https://rta-telecom.ru/payment/
https://rta-telecom.ru/auth/
http://max-tel.ru/for-business/?pn=0
https://megapolis-telecom.ru/payment
http://38ht.ru/internet
https://stat.velnet.ru/cgi-bin/utm5/aaa5
https://stat.k-telecom.org/cgi-bin/proga/client.pl
https://lc.telecom-center.ru:8011/login
https://my.baikal-telecom.ru/billing/
http://www.velnet.ru/oplata-uslug.html
https://lanport.ru/home-internet
https://lanport.ru/lk
https://www.virginconnect.ru/business/vas/
https://www.virginconnect.ru/home/internet/
https://spacenet.ru/cmserv/internet/home/
https://spacenet.ru/paysviaz/
https://stat.m9com.ru/uwm/
https://m9-uz.ru/podklyuchenie-uslug-m9.html
https://life-link.ru/tarify/nachalnyy/
http://www.lifelink.ru/connect
https://lk.spacenet.ru/lbweb-client/api.php?r=site/login
https://slk.ikosmos.tv/
http://lifelink-himki.ru/pages/howtoconnect
https://gtnet.ru/order
https://gtnet.ru/customer/internet/paymethods
https://lk.gtnet.ru/
https://portal.life-link.ru/login
https://ikosmos.tv/
https://ikosmos.tv/pay
https://lk.m9-uz.ru/uwm/
https://lk.cosmos-telecom.by/login/contract
http://psk-net.ru/abonentam/lichnyj-kabinet.html
http://psk-net.ru/uslugi/internet.html
http://psk-net.ru/oplata-uslug.html
https://secure.onpay.ru/pay/psk-net?f=7&pay_mode=free&currency=RUR#/
http://stat.psk-net.ru/
https://nrjnet.ru/stat
https://linkline.ru/tariffs/
https://linkline.ru/tariffs_company/
https://moscow.cataloxy.ru/firms.htm
https://www.golnet.ru/tariffs-for-individuals/
http://www.telemednet.ru/zay3.php
https://koptevo.net/install/
https://www.citytelecom.ru/physical/internet
https://www.domolan.ru/lk/login
https://www.domolan.ru/connection
https://citytelecom.spb.ru/uslugi-dlya-korporativnyh-klientov/korporativnye-klienty-internet/
https://lb.cdt.ru/lbweb-client/api.php?r=site/login
https://cp.citytelecom.ru/auth/login?next=%2F
https://belgorod.zelenaya.net/pay/
https://belgorod.zelenaya.net/internet/
https://zelenaya.net/
https://moscow.zelenaya.net/internet/
https://moscow.zelenaya.net/pay/
https://lk.cittel.ru:6443/
https://lk.cittel.ru:6443/?act=login
https://cp.koptevo.net/login
http://wp.cdt.ru/
https://city-telekom.ru/connect/internet/
https://city-telekom.ru/bgbilling/webexecuter
https://city-telekom.ru/cabinet/welcome/
https://city-telekom.ru/payment/
https://stat.moscow.zelenaya.net/
https://cifra1.ru/internet/
https://cifra1.ru/payment/
https://www.farpost.ru/sign?mode=openid&return=%2Ffauth%2Frun%2Fverify%3Fssid%3Db1ded2162471b0ac796a8b19d12b31fb5e44a1e327d25d0e74b3f4390553a169
https://www.vl.ru/vladivostok
https://www.cln.net/tariffs/
https://www.cln.net/ways/
https://lk.belgorod.zelenaya.net/login
https://mail.koptevo.net/
https://billing.at-home.ru/lk/user/plainAuth/
http://cittel.ru/order-services/
https://lk.real.su/login.php?from=%2F%3F_ga%3D2.62502309.883220513.1653857430-1948196370.1653857430
https://at-home.ru/pay
https://www.profintel.ru/dlja_doma/internet/bezlimitnye_tarify/
https://playtelecom.ru/lukhovitsy/cabinet
http://gelicon.ru/index.php
https://my.gelicon.ru/
http://inko-telecom.ru/kolomna/login
https://real.su/services/cottage/
https://cosmos-telecom.by/individuals/internet-dlya-doma
