https://www.vpgazeta.ru/
https://ngzv.ru/
https://78.ru/tv
https://ufanotes.ru/
http://www.idmedina.ru/
https://www.amur.life/
https://gorodn.ru/
https://nvk-online.ru/new/
https://rv-news.ru/
https://yamal-media.ru/air
https://www.tvtomsk.ru/tv.html
https://www.novgorod.ru/
http://www.br-tvr.ru/
https://kirov-portal.ru/
https://volgograd-trv.ru/
https://www.gtrkmariel.ru/
https://wolsk.ru/
https://gazeta-n1.ru/
https://vnru.ru/
http://zhuktv.ru/
http://www.ramtv.ru/
https://vm.ru/
http://trc.odintv.ru/
https://kurgan.ru/
https://radio1.news/
https://progorod43.ru/
https://pushkino.tv/
http://etrk.ru/
https://www.penza-press.ru/
https://gazetanovgorod.ru/
https://www.m24.ru/live
https://www.eg-online.ru/
https://vesti-sochi.tv/
https://otstv.ru/live/
https://ves-vesti.ru/
https://www.mordovmedia.ru/
https://zebra-tv.ru/
https://volga.news/
http://kaluga24.tv/
https://lubertsyriamo.ru/
https://xn----htbkaf0ag0a2a.com/
https://svetochnews.ru/
https://region-tyumen.ru/
https://lotosgtrk.ru/
https://www.moe-online.ru/
https://www.zvportal.ru/
https://vestinn.ru/
https://volsklife.ru/
https://most.tv/
http://www.otv-media.ru/
https://bloknot-voronezh.ru/
https://russia58.tv/
https://www.enisey.tv/live/
https://www.cheltv.ru/rossiya-24-yuzhnyj-ural-onlajn-translyaciya/
https://ktv-ray.ru/translyacii/
https://www.kolyma.ru/
https://nntv.media/volga24
https://www.donland.ru/news/
https://ngs55.ru/
https://pdmsk-time.ru/
https://v1.ru/
https://53news.ru/
https://tvr24.tv/
https://mirbelogorya.ru/
http://dagpravda.ru/
http://www.tv-tvs.ru/
http://gazeta-bam.ru/
https://progorod33.ru/
https://gtrk-kaluga.ru/
https://tv-express.ru/
https://ngs.ru/
https://bnkirov.ru/
https://www.belpressa.ru/
https://tomiks33.ru/
https://www.nsktv.ru/onair/sibir_24/
http://www.dmitrovtv.ru/
https://biwork.ru/
https://gazetanga.ru/
https://pravdasevera.ru/
https://www.newkaliningrad.ru/
http://xn--90acibqf7d3ao3a.xn--p1ai/
https://stavropolye.tv/
https://riavrn.ru/
https://161.ru/
http://himkismi.ru/
https://kagalnitskievesti.ru
https://www.sarbc.ru/
https://gtrk-kurgan.ru/
https://kaluganews.ru/
http://depprint.donland.ru/
https://newsivanovo.ru/
https://stolicaonego.ru/
https://trc33.ru/programm
https://www.volga-tv.ru/
https://novvedomosti.ru/
https://gorodz.info/
https://newsbryansk.ru/
https://mirbelogorya.ru/live.html
https://omskinform.ru/
https://trkmillet.ru/
https://12-kanal.ru/
https://riamo.ru/
https://pg11.ru/
https://echosevera.ru/
http://tvpodolsk.ru/
http://news.zarpressa.ru/
https://zhukovskiyriamo.ru/
https://vesti-kaliningrad.ru/rossiya1-1/
https://lgz.ru/
https://asn24.ru/
https://www.prima-tv.ru/
https://novgorod-tv.ru/teleproekty/novgorodskoe-televidenie-glavnyj-efir/
https://www.gtrk-vyatka.ru/live/vyatka24/
https://politsib.ru/
https://gorod48.ru/
https://kaskad.tv/
https://lentv24.ru/timetable
http://www.reutovtv.ru/
http://kbrria.ru/
https://don24.ru/tv
https://komigor.com/
https://tvkrasnodar.ru/tv/pryamoy-efir/
https://vkirove.ru/
https://ptzgovorit.ru/
https://infokam.su/
https://vektor-tv.ru/
https://aisttv.ru/
https://domodedovoriamo.ru/
https://www.marpravda.ru/
https://novkos.ru/
https://36on.ru/
https://tvsamara.ru/online/
https://penzavzglyad.ru/
https://istochnik.online/
https://atas.info/
https://ug.ru/
https://region29.ru/tv/
https://inform.donland.ru/
https://bk55.ru/
https://lrt.tv/
https://vestitula.ru/live-russia1-tula
https://litrossia.ru/
https://ksonline.ru/
https://www.mvestnik.ru/
https://riamobalashiha.ru/
https://irk.ru/
https://vestivrn.ru/
https://vesti-omsk.ru/
http://stv-online.ru/
https://vestiprim.ru/onair.html
https://volgograd24.tv/
http://radio-mo.ru/
https://yocity12.com/news/
https://mirmol.ru/
https://pg12.ru/news
http://orelsreda.ru/
https://riastrela.ru/
https://newsorel.ru/
https://krasniy-sulin.ru/
https://oreltimes.ru/
https://lipetskmedia.ru/
https://vologda-poisk.ru/
https://ranpress.ru/
https://gubdaily.ru/
http://radiokrasno.ru/
https://ya62.ru/
https://gazeta-dm.com
http://ozradio.ru/
https://noyabrsk24.ru/
http://www.gtrkoka.ru/
https://gazeta.a42.ru/
https://orsk.ru/
https://bloknot-astrakhan.ru/
https://informpskov.ru/
https://szori.ru/
https://www.sovsekretno.ru/
https://avangard-os.ru/
https://www.vgoroden.ru/
http://pln-pskov.ru/
http://inkrasnoarmeisk.ru/
https://katun24.ru/k24
https://obl1.ru/online
https://gazetanb.ru/
https://bloknot-rostov.ru/
https://portamur.ru/
https://www.bankfax.ru/
https://kn51.ru/
https://www.ruffnews.ru/
https://vesti-perm.ru/
https://www.ap22.ru/
https://s-vedomosti.ru/
http://rusnord.ru/
https://newsvladimir.ru/
http://www.dvinainform.ru/
https://prufy.ru/
https://progorodnn.ru/
https://www.zhukgsn.ru/
http://belgorodtv.ru/
https://gorodkirov.ru/
http://www.br-tvr.ru/index.php/
https://tomsk-time.ru/programs/itogi-nedeli/11006-itogo.html
https://portal-kultura.ru/
https://korolevriamo.ru/
https://www.city-n.ru/
http://www.nnng.ru/
https://stepnaya-now.ru/
http://www.vostv.ru/
http://go-voshod.ru/
https://www.tkr.su/
https://tolknews.ru/
https://magadanpravda.ru/
https://gtrksmolensk.ru/
https://ampravda.ru/
http://inivanteevka.ru/
https://www.gudok.ru/
https://vesti42.ru/
https://www.sgazeta.ru/
https://vesti-k.ru/online/
https://www.perekrestok.ru/
https://rv-ryazan.ru/
https://vesti92.ru/
https://vdvsn.ru/
https://onlinevologda.ru/
https://www.selvest.ru/
https://www.pomorie.ru/
https://online47.ru/
https://reutovriamo.ru/
https://podolskriamo.ru/
https://kuzbass-today.ru/
http://screenstage.ru/
https://vn.ru/
https://os34.ru/
https://chepetsk.ru/
https://stv92.ru/iks24/
https://sterlegrad.ru/
http://pushkinomedia.ru/
https://communa.ru/
https://luki.ru/
http://www.bronnitsy.ru/smi/
https://www.samru.ru/
https://www.rubaltic.ru/
https://topspb.tv/live/
https://www.om1.ru/
https://kirovpravda.ru/
https://mytischiriamo.ru/
http://www.province-pskov.ru/
https://www.gorodche.ru/
https://kubantv.ru/
https://oz-on.ru/
https://sovainfo.ru/
https://rgvktv.ru/
https://trk7.ru/
https://dvinatoday.ru/
http://tv-gubernia.ru/
https://nts-tv.com/
https://tatarstan24.tv/news/rubric/list/programmy-telekanala
https://www.kamchatka.tv/index.php/pryamoj-efir
https://www.belnovosti.ru/telekanal-belgorod-24/
https://ntr-24.ru/index.php?do=static&page=live
https://newsomsk.ru/
https://penza-online.ru/
https://fingazeta.ru/
https://v-pravda.ru/
https://www.amur.info/
https://www.pionerka.ru/
https://2x2.su/
https://31tv.ru/programs/prjamye-transljacii/
http://rusderjavnaya.ru/
http://www.63media.ru/
http://www.selnow45.ru/
https://materik.ru/
http://zauralonline.ru/
https://63.ru/
http://bbnews.ru/
https://www.donnews.ru/
https://echokirova.ru/
https://bst.bratsk.ru/
https://pravdapskov.ru/
http://novotv.ru/
https://xn--35-dlcmp7ch.xn--p1ai/
https://vesti-yamal.ru/
https://krasnogorskriamo.ru/
https://don24.ru/
https://cherkessk09.ru/
https://penzanews.ru/
https://lg.lpgzt.ru/
https://tp.tver.ru/
https://region29.ru/
https://obozvrn.ru/
http://infoservice.tv/
https://62info.ru/
https://gorod55.ru/
http://ramenskoye.ru/
https://yk24.ru/live/
https://i38.ru/
https://bloknot-volgograd.ru/
https://rod-storonatar.ru/
https://snews.ru/
http://cher-is.com/
https://ugra-tv.ru/news/?q=%D1%8E%D0%B3%D1%80%D0%B0&date-interval-selection=all&date_from=&date_to=
https://citytraffic.ru/
https://nsknews.info/
https://sergposadriamo.ru/
https://tyumen-time.ru/broadcast/
https://solntv.ru/
http://delovesti.ru/
https://www.penzainform.ru/
http://pressdubna.ru/index_pm.php
https://sev.tv/
https://kaspyinfo.ru/
https://stv24.tv/online/
https://www.oka.fm/
https://mediaryazan.ru/
https://vashgorod.ru/
https://1line.info/
https://sitv.ru/efir/c1/
https://www.rzn.info/
https://xn--d1achcpfehgk5e1ch.xn--p1ai/
https://nedelya40.ru/
https://baikalskieogni.ru/
https://ustdon.info/
https://minstroyrf.gov.ru/
https://portal.mintrud.gov.ru/
http://info-c.ru/
http://www.myudm.ru/online-efir-udmurtia
https://mcx.ru/
http://www.dubna.ru/
https://udmtv.ru/news/
https://semena.mcx.ru/
https://www.kaluga-poisk.ru/
https://mintrud.gov.ru/
http://www.pryamayarech.ru/
https://fexch.mintrud.gov.ru/
https://mintrud.gov.ru/cabinet/default/registration-with-verify
https://expertsout.rosmintrud.ru/
https://tsr.mintrud.gov.ru/
https://git18.rostrud.gov.ru/
https://eir.rosreestr.gov.ru/
https://akot.rosmintrud.ru/
https://mz.rosmintrud.ru/
https://20-krr.rosmintrud.ru/
https://tsr.rosmintrud.ru/
https://vcot.info/
https://bryansknovosti.ru/
https://analytic.mintrud.gov.ru/
https://trueconf.rosmintrud.ru/
https://reports-profstandart.mintrud.gov.ru/
https://fgiscs.minstroyrf.ru/
https://ot.rosmintrud.ru/main/login/index
https://cashplan.mintrud.gov.ru/
https://oauth1.rosmintrud.ru/
https://20-gz.rosmintrud.ru/main/login/index
https://profstandart.rosmintrud.ru/
https://oauth2.rosmintrud.ru/
https://oauth.test.rosmintrud.ru/
https://12-dmg.rosmintrud.ru/files/%D0%98%D0%BD%D1%81%D1%82%D1%80%D1%83%D0%BA%D1%86%D0%B8%D1%8F%20%D0%BF%D0%BE%20%D0%BF%D0%BE%D0%BB%D1%83%D1%87%D0%B5%D0%BD%D0%B8%D1%8E%20%D0%B4%D0%BE%D1%81%D1%82%D1%83%D0%BF%D0%B0.pdf
https://fd.rosmintrud.ru/?type=logon
https://pst-c.rosmintrud.ru/
https://eisot.rosmintrud.ru/novosti
https://migrakvota.gov.ru/index.php?mod=main_page
https://testirovanie.mintrud.gov.ru/
https://gosuslugi.rosmintrud.ru/
https://13-otchet804n.rosmintrud.ru/main/login/index
https://migrakvota.gov.ru/index.php?mod=support
https://portal.rosmintrud.ru/
https://project.rosmintrud.ru/asyst/Logon.aspx?ReturnUrl=%2f
https://12-dmg.rosmintrud.ru/main/login/index
https://comhub.fsrpn.ru/
https://xn--80az8a.xn--d1aqf.xn--p1ai/
https://lk.fsrpn.ru/
https://xmpp.rosmintrud.ru/
https://ptk.rpn.gov.ru/esia
https://reforma.fsrpn.ru/login
https://report.fsrpn.ru/
https://osm.fsrpn.ru/
https://inspector.fsrpn.ru/
https://spravochnik.rosmintrud.ru/
https://uoit.fsrpn.ru/
https://portainer.fsrpn.ru/
https://vault.fsrpn.ru/
https://permit.fsrpn.ru/
https://roxy.fsrpn.ru/
https://reforma.uoit.fsrpn.ru/login
https://fsrpn.ru/
https://gee.fsrpn.ru/Login/Login.html
https://nsi.fsrpn.ru/swagger/ui/index
https://uonvos.rpn.gov.ru/login
https://ksv.fsrpn.ru/
https://demo.fsrpn.ru/
https://docs.fsrpn.ru/lk/formats/elektronnyy_format_2tp_othody_msp.doc
https://hexo.fsrpn.ru/
https://lk.uoit.rpn.gov.ru/esia
https://knd.fsrpn.ru/
https://ptk.fsrpn.ru/Account/Account/LogOn
https://data.fsrpn.ru/index.html
https://lk.rpn.gov.ru/login
https://rpn.gov.ru/search/?q=%D0%B7+%D1%81+%D1%83
https://olap.fsrpn.ru/
https://stp.fsrpn.ru/
https://dictionary.fsrpn.ru/
https://geo.fsrpn.ru/
https://pnv.fsrpn.ru/
https://ksv.rpn.gov.ru/login
https://maps.fsrpn.ru/
https://gko.fsrpn.ru/
https://edoc.fsrpn.ru/
https://onv.fsrpn.ru/
https://statistic.uoit.rpn.gov.ru/esia
https://auth.fsrpn.ru/
https://rosreestr.gov.ru/
https://stat-lk.rpn.gov.ru/
https://pfr.gov.ru/search/?text=%D0%B7+%D1%81+%D1%83&strict=0&published=-1&searchSort=0&perPage=20&page=5
https://develop.uonvos.rpn.gov.ru/login
https://pfr.gov.ru/press_center?page=30
https://minobrnauki.gov.ru/search/?q=%D0%B7+%D1%81+%D1%83+%D0%BD%D0%BE%D0%B2%D0%BE%D1%81%D1%82%D0%B8&how=r&from=&to=&PAGEN_1=22&SIZEN_1=10
https://parlamentchr.ru/
https://irkobl.ru/
https://www.mos.ru
http://www.zspk.gov.ru/
https://www.vskhakasia.ru/
https://www.dumahmao.ru/
https://www.tambov.gov.ru
https://chechnya.gov.ru/
http://www.duma.yar.ru/
http://www.khural.org/
http://sdnao.ru/
https://www.zskuzbass.ru/
https://www.yarregion.ru/default.aspx
https://www.akzs.ru/
https://www.zsto.ru/
https://gov.karelia.ru/
https://www.primorsky.ru
https://www.49gov.ru/
https://egov-buryatia.ru/
https://help.fsrpn.ru/
https://75.ru/
https://www.vologdazso.ru/
https://zsro.ru/
https://www.samregion.ru
https://iltumen.ru/
https://www.dumask.ru/
http://karelia-zs.ru/
https://www.novreg.ru/
http://www.gsrm.ru/
https://vologda-oblast.ru/
http://www.zsuo.ru/
https://www.gov.spb.ru/
https://www.ivoblduma.ru/
https://www.kubzsk.ru/
https://tularegion.ru
https://belregion.ru/
https://www.sakha.gov.ru
https://www.zskaluga.ru/
https://www.e-mordovia.ru/
https://www.zsvo.ru/
http://www.vrnoblduma.ru/
https://parlament09.ru/
http://alania.gov.ru/
http://www.kurganoblduma.ru/
https://saratov.gov.ru/
https://www.khabkrai.ru/
http://www.udmurt.ru/
https://sakhalin.gov.ru/
https://zsnso.ru/
http://zsso.ru/
http://www.adygheya.ru/
https://www.irk.gov.ru/
http://pnzreg.ru/
https://www.cap.ru/
https://www.amurobl.ru/
https://novoblduma.ru/
https://www.sobranie.info/
http://www.oblsovet.ru/
https://www.tomsk.gov.ru
http://www.pravitelstvori.ru/
https://zsyanao.ru/
https://tambovoblduma.ru
http://www.kosoblduma.ru/
https://www.yanao.ru/
http://crimea.gov.ru/
https://avo.ru/
https://duma.tomsk.ru/
https://orenburg-gov.ru/
https://www.kamgov.ru/
https://sevzakon.ru/
https://www.duma72.ru/ru/
http://www.duma.khv.ru/
https://www.ryazangov.ru
http://www.bryanskobl.ru/
https://www.adm44.ru/
http://www.huralrk.ru/
https://volgoduma.ru/
https://www.mosoblduma.ru/
https://kursk.ru/
https://admhmao.ru/
https://www.nso.ru
https://www.astroblduma.ru/
https://xn--80aacoonefzg3am8b1fsb.xn--p1ai
https://omskportal.ru/
https://gsrb.ru/ru/
https://rkomi.ru
https://xn--80aaccp4ajwpkgbl4lpb.xn--p1ai/
https://www.donland.ru/
https://samgd.ru/~portal/
http://kurskduma.ru/
https://government-nnov.ru
http://xn--80aaxebbbcxktdegd6t.xn--p1ai/
https://duma.mos.ru/ru/
https://admin-smolensk.ru/
https://adm-nao.ru/
https://gs.cap.ru/
https://lenobl.ru/
https://ulgov.ru/
http://midural.ru/
http://www.omsk-parlament.ru/
https://www.dumasakhalin.ru/
https://zaksobr.kamchatka.ru/
https://www.altairegion22.ru/
https://www.tulaoblduma.ru/
https://www.assembly.spb.ru/
https://duma-murman.ru/
https://ako.ru/
https://gov-murman.ru/
https://parlament.kbr.ru/
https://pravitelstvo.kbr.ru/
https://admtyumen.ru/
https://www.aosd.ru/
https://duma39.ru/
http://nsrd.ru/
https://www.magoblduma.ru/
https://admkrai.krasnodar.ru/
https://www.volgograd.ru/
https://zsperm.ru/
https://gov39.ru/
https://www.ivanovoobl.ru/
https://www.eao.ru/
http://www.pskov.ru/
http://sobranie.pskov.ru/
https://sev.gov.ru/
https://tatarstan.ru/
https://gossov.tatarstan.ru/
https://www.govvrn.ru/
https://mosreg.ru/
https://www.hural-buryatia.ru/
https://www.kirovreg.ru/
http://www.smoloblduma.ru/
https://rk.gov.ru/
https://www.zspo.ru/
https://oreloblsovet.ru/
https://srd.ru/
https://permkrai.ru/
https://kurganobl.ru/
https://pravmin74.ru
http://zseao.ru/
https://zsko.ru/
http://www.zsamur.ru/
https://orel-region.ru
http://www.udmgossovet.ru/
https://r-19.ru/
https://www.bashkortostan.ru/
http://rznoblduma.ru/
https://stavregion.ru/
https://dvinaland.ru/
https://lugpost.ru/vprestupleniya/
https://lugpost.ru/newsfront/
https://lugpost.ru
https://data.gov.ru/
https://data.gov.ru/taxonomy/term/71/datasets?page=1400
http://szfo.gov.ru/
https://rs.gov.ru/
https://www.fish.gov.ru/
http://www.gusp.gov.ru/
https://www.rosnedra.com/
https://www.roszeldor.ru/
https://www.favt.ru/
https://www.rosavtodor.ru/
https://www.rosreserv.ru/
https://www.udprf.ru/
https://voda.mnr.gov.ru/
https://gfs.gov.ru/
https://fadm.gov.ru/
https://www.fsvts.gov.ru/
https://www.fsin.su/
https://www.fmbaros.ru/
https://www.rossvyaz.ru/
https://www.fssprus.ru/
https://www.rosim.ru/
http://www.fsb.ru/
https://www.fstec.ru/
http://www.fso.gov.ru/
http://svr.gov.ru/
https://www.meteorf.ru/
https://www.fsvps.ru/
https://www.rostrud.ru/
https://rpn.gov.ru/
https://rosgvard.ru/
https://rospotrebnadzor.ru/
https://www.customs.gov.ru/
https://fadn.gov.ru/
https://admnalchik.ru/
http://cfo.gov.ru/
https://www.rosreestr.ru/
https://www.roskazna.ru/
https://fas.gov.ru/
https://www.rostransnadzor.ru/
https://www.rupto.ru/
https://www.gorod-elista.ru/
https://www.fsa.gov.ru/
https://rosstat.gov.ru/
https://obrnadzor.gov.ru/
https://www.nalog.ru/
https://www.gornoaltaysk.ru/
https://rkn.gov.ru/
https://www.probpalata.ru/rgpp/
https://www.roszdravnadzor.ru/
https://www.ufacity.info/
https://www.mkala.ru/
https://www.gosnadzor.ru/
http://xn--80aegbkvxddlre.xn--p1ai/
http://simadm.ru/
https://i-ola.ru/
https://vladikavkaz-osetia.ru/
https://www.adm-saransk.ru/
https://www.kzn.ru/
https://www.mkyzyl.ru/
https://xn--80aaac0ct.xn--p1ai/
https://www.khabarovskadm.ru/
https://xn--j1aaude4e.xn--p1ai/
